// Jest Snapshot v1, https://goo.gl/fbAQLP

exports[`SkipLink should render the skip link component 1`] = `
.emotion-0 {
  -webkit-align-items: center;
  -webkit-box-align: center;
  -ms-flex-align: center;
  align-items: center;
  background: #3942B0;
  border: 0;
  border-color: #3942B0;
  border-radius: 4px;
  color: #FFFFFF;
  cursor: pointer;
  display: -webkit-inline-box;
  display: -webkit-inline-flex;
  display: -ms-inline-flexbox;
  display: inline-flex;
  -webkit-flex-shrink: 0;
  -ms-flex-negative: 0;
  flex-shrink: 0;
  font-family: "Open Sans",Helvetica,sans-serif;
  font-size: 16px;
  font-weight: 600;
  height: 40px;
  -webkit-box-pack: center;
  -webkit-justify-content: center;
  -ms-flex-pack: center;
  justify-content: center;
  -webkit-letter-spacing: inherit;
  -moz-letter-spacing: inherit;
  -ms-letter-spacing: inherit;
  letter-spacing: inherit;
  line-height: 24px;
  margin: 4px;
  min-width: 96px;
  overflow: hidden;
  padding: 12px 16px;
  position: relative;
  text-align: center;
  -webkit-text-decoration: none;
  text-decoration: none;
  text-transform: uppercase;
  touch-action: manipulation;
  -webkit-transition: background 0.35s,border-color 0.35s,box-shadow 0.35s,color 0.35s;
  transition: background 0.35s,border-color 0.35s,box-shadow 0.35s,color 0.35s;
  vertical-align: middle;
  white-space: nowrap;
  width: auto;
  left: -9999px;
  position: fixed;
  top: -9999px;
}

.emotion-0:not(:disabled):focus {
  outline: 2px dotted #027EE1;
  outline-offset: 3px;
}

.emotion-0:not(:disabled):hover,
.emotion-0:not(:disabled):focus {
  background: #2d3489;
  color: #FFFFFF;
}

.emotion-0:not(:disabled):after {
  background: #FFFFFF;
  border-radius: 50%;
  content: '';
  height: 28px;
  left: 50%;
  opacity: 0;
  padding: 50%;
  position: absolute;
  top: 50%;
  -webkit-transform: translate(-50%,-50%) scale(1);
  -ms-transform: translate(-50%,-50%) scale(1);
  transform: translate(-50%,-50%) scale(1);
  -webkit-transition: opacity 1s,-webkit-transform 0.5s;
  -webkit-transition: opacity 1s,transform 0.5s;
  transition: opacity 1s,transform 0.5s;
  width: 28px;
}

.emotion-0:not(:disabled):active {
  background: #202563;
  color: #FFFFFF;
}

.emotion-0:not(:disabled):active:after {
  opacity: 0.4;
  -webkit-transform: translate(-50%,-50%) scale(0);
  -ms-transform: translate(-50%,-50%) scale(0);
  transform: translate(-50%,-50%) scale(0);
  -webkit-transition: -webkit-transform 0s;
  -webkit-transition: transform 0s;
  transition: transform 0s;
}

.emotion-0 svg {
  -webkit-flex-shrink: 0;
  -ms-flex-negative: 0;
  flex-shrink: 0;
}

.emotion-0:focus {
  left: 10px;
  top: 10px;
  z-index: 99999;
}

.emotion-0 {
  -webkit-align-items: center;
  -webkit-box-align: center;
  -ms-flex-align: center;
  align-items: center;
  background: #3942B0;
  border: 0;
  border-color: #3942B0;
  border-radius: 4px;
  color: #FFFFFF;
  cursor: pointer;
  display: -webkit-inline-box;
  display: -webkit-inline-flex;
  display: -ms-inline-flexbox;
  display: inline-flex;
  -webkit-flex-shrink: 0;
  -ms-flex-negative: 0;
  flex-shrink: 0;
  font-family: "Open Sans",Helvetica,sans-serif;
  font-size: 16px;
  font-weight: 600;
  height: 40px;
  -webkit-box-pack: center;
  -webkit-justify-content: center;
  -ms-flex-pack: center;
  justify-content: center;
  -webkit-letter-spacing: inherit;
  -moz-letter-spacing: inherit;
  -ms-letter-spacing: inherit;
  letter-spacing: inherit;
  line-height: 24px;
  margin: 4px;
  min-width: 96px;
  overflow: hidden;
  padding: 12px 16px;
  position: relative;
  text-align: center;
  -webkit-text-decoration: none;
  text-decoration: none;
  text-transform: uppercase;
  touch-action: manipulation;
  -webkit-transition: background 0.35s,border-color 0.35s,box-shadow 0.35s,color 0.35s;
  transition: background 0.35s,border-color 0.35s,box-shadow 0.35s,color 0.35s;
  vertical-align: middle;
  white-space: nowrap;
  width: auto;
  left: -9999px;
  position: fixed;
  top: -9999px;
}

.emotion-0:not(:disabled):focus {
  outline: 2px dotted #027EE1;
  outline-offset: 3px;
}

.emotion-0:not(:disabled):hover,
.emotion-0:not(:disabled):focus {
  background: #2d3489;
  color: #FFFFFF;
}

.emotion-0:not(:disabled):after {
  background: #FFFFFF;
  border-radius: 50%;
  content: '';
  height: 28px;
  left: 50%;
  opacity: 0;
  padding: 50%;
  position: absolute;
  top: 50%;
  -webkit-transform: translate(-50%,-50%) scale(1);
  -ms-transform: translate(-50%,-50%) scale(1);
  transform: translate(-50%,-50%) scale(1);
  -webkit-transition: opacity 1s,-webkit-transform 0.5s;
  -webkit-transition: opacity 1s,transform 0.5s;
  transition: opacity 1s,transform 0.5s;
  width: 28px;
}

.emotion-0:not(:disabled):active {
  background: #202563;
  color: #FFFFFF;
}

.emotion-0:not(:disabled):active:after {
  opacity: 0.4;
  -webkit-transform: translate(-50%,-50%) scale(0);
  -ms-transform: translate(-50%,-50%) scale(0);
  transform: translate(-50%,-50%) scale(0);
  -webkit-transition: -webkit-transform 0s;
  -webkit-transition: transform 0s;
  transition: transform 0s;
}

.emotion-0 svg {
  -webkit-flex-shrink: 0;
  -ms-flex-negative: 0;
  flex-shrink: 0;
}

.emotion-0:focus {
  left: 10px;
  top: 10px;
  z-index: 99999;
}

<a
  class="emotion-0 emotion-1"
  color="primary"
  href="#reactMagmaMainContent"
>
  Skip Navigation
</a>
`;
