// Jest Snapshot v1, https://goo.gl/fbAQLP

exports[`Tooltip should render the tooltip component, positioned top by default 1`] = `
.emotion-1 {
  background: #707070;
  border-radius: 8px;
  color: #FFFFFF;
  font-size: 12px;
  -webkit-letter-spacing: .32px;
  -moz-letter-spacing: .32px;
  -ms-letter-spacing: .32px;
  letter-spacing: .32px;
  line-height: 16px;
  font-weight: 600;
  max-width: 300px;
  min-height: 2.5em;
  padding: 8px 12px;
  z-index: 999;
}

.emotion-1[data-popper-placement='top'] {
  margin-bottom: 14px;
}

.emotion-1[data-popper-placement='top'] > span:last-child {
  bottom: 10px;
}

.emotion-1[data-popper-placement='bottom'] {
  margin-top: 14px;
}

.emotion-1[data-popper-placement='bottom'] > span:last-child {
  top: 10px;
}

.emotion-1[data-popper-placement='left'] {
  margin-right: 14px;
}

.emotion-1[data-popper-placement='left'] > span:last-child {
  right: 10px;
}

.emotion-1[data-popper-placement='right'] {
  margin-left: 14px;
}

.emotion-1[data-popper-placement='right'] > span:last-child {
  left: 10px;
}

.emotion-0.emotion-0,
.emotion-0.emotion-0:before {
  display: block;
  height: 8px;
  position: absolute;
  width: 8px;
  z-index: -1;
}

.emotion-0.emotion-0::before {
  content: '';
  -webkit-transform: rotate(45deg);
  -ms-transform: rotate(45deg);
  transform: rotate(45deg);
  background: #707070;
}

.emotion-1 {
  background: #707070;
  border-radius: 8px;
  color: #FFFFFF;
  font-size: 12px;
  -webkit-letter-spacing: .32px;
  -moz-letter-spacing: .32px;
  -ms-letter-spacing: .32px;
  letter-spacing: .32px;
  line-height: 16px;
  font-weight: 600;
  max-width: 300px;
  min-height: 2.5em;
  padding: 8px 12px;
  z-index: 999;
}

.emotion-1[data-popper-placement='top'] {
  margin-bottom: 14px;
}

.emotion-1[data-popper-placement='top'] > span:last-child {
  bottom: 10px;
}

.emotion-1[data-popper-placement='bottom'] {
  margin-top: 14px;
}

.emotion-1[data-popper-placement='bottom'] > span:last-child {
  top: 10px;
}

.emotion-1[data-popper-placement='left'] {
  margin-right: 14px;
}

.emotion-1[data-popper-placement='left'] > span:last-child {
  right: 10px;
}

.emotion-1[data-popper-placement='right'] {
  margin-left: 14px;
}

.emotion-1[data-popper-placement='right'] > span:last-child {
  left: 10px;
}

.emotion-0.emotion-0,
.emotion-0.emotion-0:before {
  display: block;
  height: 8px;
  position: absolute;
  width: 8px;
  z-index: -1;
}

.emotion-0.emotion-0::before {
  content: '';
  -webkit-transform: rotate(45deg);
  -ms-transform: rotate(45deg);
  transform: rotate(45deg);
  background: #707070;
}

<div
  class="emotion-1"
  data-popper-escaped="true"
  data-popper-placement="top"
  data-popper-reference-hidden="true"
  id="tooltipID"
  role="tooltip"
>
  Test Content
  <span
    class="emotion-0"
    style="position: absolute; left: 0px; transform: translate(0px, 0px);"
  />
</div>
`;
